// Jest Snapshot v1, https://goo.gl/fbAQLP

exports[`Database with Company CRUD Company 1`] = `
Object {
  "description": "Description1",
  "info": "Info1",
  "location": "Location1",
  "name": "Name1",
}
`;

exports[`Database with Company CRUD Company 2`] = `
Object {
  "description": "Description2",
  "info": "Info2",
  "location": "Location2",
  "name": "Name2",
}
`;

exports[`Database with Company CRUD Company 3`] = `
Object {
  "description": "Description5",
  "info": "Info5",
  "location": "Location5",
  "name": "Name5",
}
`;
